Copyright 1986-2022 Xilinx, Inc. All Rights Reserved.
--------------------------------------------------------------------------------------------------------
| Tool Version : Vivado v.2022.1 (lin64) Build 3526262 Mon Apr 18 15:47:01 MDT 2022
| Date         : Sun Jun 26 11:44:25 2022
| Host         : graham-Parallels-Virtual-Platform running 64-bit Ubuntu 22.04 LTS
| Command      : report_qor_suggestions -max_paths 100 -file route_report_qor_suggestions_0.rpt
| Design       : FPGA_CPU_32_bits
| Device       : xc7a100t
| Design State : Routed
| ML Models    : v2020.1.0
--------------------------------------------------------------------------------------------------------

Report QoR Suggestions

Table of Contents
-----------------
1. QoR Suggestions Report Summary
2. ML Strategies
3. QoR Suggestions - Utilization
4. QoR Suggestions - Netlist

1. QoR Suggestions Report Summary
---------------------------------

+------------------+----------------+-----------+--------------+----------------+-----------+-------------+----------------------+------------------------------------------------------------------------------------------+-------------+
|       Name       |       Id       |   Status  | Generated At | Applicable For | Automatic |    Scope    | Incremental Friendly |                                        Description                                       |    Source   |
+------------------+----------------+-----------+--------------+----------------+-----------+-------------+----------------------+------------------------------------------------------------------------------------------+-------------+
| RQS_UTIL-12-1    | RQS_UTIL-12    | Generated | route_design | opt_design     | Yes       | GLOBALSCOPE | No                   | Remapping small SRL to Registers in the design.                                          | Current Run |
| RQS_UTIL-15-1    | RQS_UTIL-15    | Generated | route_design | synth_design   | Yes       | GLOBALSCOPE | No                   | Forward retime across Datapath Operators to reduce FF utilization.                       | Current Run |
| RQS_NETLIST-10-1 | RQS_NETLIST-10 | Generated | route_design | synth_design   | Yes       | GLOBALSCOPE | No                   | Rebalance timing paths by forward and backward retiming.                                 | Current Run |
+------------------+----------------+-----------+--------------+----------------+-----------+-------------+----------------------+------------------------------------------------------------------------------------------+-------------+
* No QoR suggestions are provided when the fully routed design is assessed to easily meet timing.


2. ML Strategies
----------------

+---+----+---------+---------+
| # | Id | Command | Options |
+---+----+---------+---------+
* The design is not compatible for suggesting strategy, as it was not run using vivado implementation default or vivado implementation explore strategy.


3. QoR Suggestions - Utilization
--------------------------------

+---------------+------------------------------------------------------------+-----------+--------+
|      Name     |                         Description                        | Hierarchy | Module |
+---------------+------------------------------------------------------------+-----------+--------+
| RQS_UTIL-12-1 | Remapping small SRL to Registers.                          | GLOBAL    | GLOBAL |
| RQS_UTIL-15-1 | Retime across Datapath operators to reduce FF utilization. | GLOBAL    | GLOBAL |
+---------------+------------------------------------------------------------+-----------+--------+


4. QoR Suggestions - Netlist
----------------------------

+------------------+-------------+--------------+--------+-------+--------+--------+--------+----------------+-------+--------+--------------+-------------------+-------------------------+--------------------------+
|       Name       | No of Paths | Logic Levels | Routes | Slack |  Req.  |  Skew  | Fanout | Datapath Delay | Cell% | Route% | Source Clock | Destination Clock |        Startpoint       |         Endpoint         |
+------------------+-------------+--------------+--------+-------+--------+--------+--------+----------------+-------+--------+--------------+-------------------+-------------------------+--------------------------+
| RQS_NETLIST-10-1 | 1           | 12           | 13     | 1.037 | 10.000 | -0.087 | -      | 8.774          | 30.60 | 69.40  | sys_clk_pin  | sys_clk_pin       | r_register_reg[15][0]/C | r_register_reg[7][21]/D  |
|                  | 1           | 13           | 14     | 1.233 | 10.000 | -0.117 | -      | 8.548          | 34.90 | 65.10  | sys_clk_pin  | sys_clk_pin       | r_reg_2_reg[1]/C        | r_register_reg[4][28]/D  |
|                  | 1           | 12           | 13     | 1.035 | 10.000 | -0.088 | -      | 8.775          | 30.60 | 69.40  | sys_clk_pin  | sys_clk_pin       | r_register_reg[15][0]/C | r_register_reg[5][21]/D  |
|                  | 1           | 12           | 13     | 0.977 | 10.000 | -0.094 | -      | 8.864          | 30.30 | 69.70  | sys_clk_pin  | sys_clk_pin       | r_register_reg[15][0]/C | r_register_reg[13][21]/D |
|                  | 1           | 13           | 14     | 0.863 | 10.000 | -0.095 | -      | 8.925          | 31.40 | 68.60  | sys_clk_pin  | sys_clk_pin       | r_register_reg[15][0]/C | r_register_reg[6][25]/D  |
|                  | 1           | 14           | 15     | 0.614 | 10.000 | -0.087 | -      | 9.196          | 30.80 | 69.20  | sys_clk_pin  | sys_clk_pin       | r_register_reg[15][0]/C | r_register_reg[15][30]/D |
|                  | 1           | 13           | 14     | 1.224 | 10.000 | -0.116 | -      | 8.601          | 34.70 | 65.30  | sys_clk_pin  | sys_clk_pin       | r_reg_2_reg[1]/C        | r_register_reg[15][28]/D |
|                  | 1           | 12           | 13     | 1.130 | 10.000 | -0.090 | -      | 8.686          | 30.80 | 69.20  | sys_clk_pin  | sys_clk_pin       | r_register_reg[15][0]/C | r_register_reg[4][23]/D  |
|                  | 1           | 12           | 13     | 1.378 | 10.000 | -0.088 | -      | 8.432          | 30.50 | 69.50  | sys_clk_pin  | sys_clk_pin       | r_register_reg[15][0]/C | r_register_reg[7][20]/D  |
|                  | 1           | 12           | 13     | 1.253 | 10.000 | -0.088 | -      | 8.596          | 29.90 | 70.10  | sys_clk_pin  | sys_clk_pin       | r_register_reg[15][0]/C | r_register_reg[2][20]/D  |
|                  | 1           | 12           | 13     | 1.020 | 10.000 | -0.114 | -      | 8.750          | 31.40 | 68.60  | sys_clk_pin  | sys_clk_pin       | r_reg_2_reg[1]/C        | r_register_reg[1][31]/D  |
|                  | 1           | 12           | 13     | 1.091 | 10.000 | -0.093 | -      | 8.751          | 30.70 | 69.30  | sys_clk_pin  | sys_clk_pin       | r_register_reg[15][0]/C | r_register_reg[9][21]/D  |
|                  | 1           | 12           | 13     | 1.096 | 10.000 | -0.114 | -      | 8.674          | 31.70 | 68.30  | sys_clk_pin  | sys_clk_pin       | r_reg_2_reg[1]/C        | r_register_reg[9][31]/D  |
|                  | 1           | 12           | 13     | 0.751 | 10.000 | -0.031 | -      | 9.116          | 31.50 | 68.50  | sys_clk_pin  | sys_clk_pin       | r_reg_2_reg[1]/C        | r_register_reg[9][22]/D  |
|                  | 1           | 13           | 14     | 1.050 | 10.000 | -0.097 | -      | 8.773          | 32.00 | 68.00  | sys_clk_pin  | sys_clk_pin       | r_register_reg[15][0]/C | r_register_reg[1][25]/D  |
|                  | 1           | 13           | 14     | 1.389 | 10.000 | -0.114 | -      | 8.395          | 35.50 | 64.50  | sys_clk_pin  | sys_clk_pin       | r_reg_2_reg[1]/C        | r_register_reg[0][28]/D  |
|                  | 1           | 13           | 14     | 1.433 | 10.000 | -0.115 | -      | 8.385          | 35.60 | 64.40  | sys_clk_pin  | sys_clk_pin       | r_reg_2_reg[1]/C        | r_register_reg[3][28]/D  |
|                  | 1           | 12           | 13     | 1.067 | 10.000 | -0.088 | -      | 8.743          | 30.60 | 69.40  | sys_clk_pin  | sys_clk_pin       | r_register_reg[15][0]/C | r_register_reg[5][23]/D  |
|                  | 1           | 13           | 14     | 1.397 | 10.000 | -0.115 | -      | 8.385          | 35.60 | 64.40  | sys_clk_pin  | sys_clk_pin       | r_reg_2_reg[1]/C        | r_register_reg[5][28]/D  |
|                  | 1           | 14           | 15     | 0.594 | 10.000 | -0.090 | -      | 9.253          | 30.60 | 69.40  | sys_clk_pin  | sys_clk_pin       | r_register_reg[15][0]/C | r_register_reg[0][30]/D  |
|                  | 1           | 13           | 14     | 1.172 | 10.000 | -0.094 | -      | 8.668          | 32.30 | 67.70  | sys_clk_pin  | sys_clk_pin       | r_register_reg[15][0]/C | r_register_reg[0][25]/D  |
|                  | 1           | 12           | 13     | 0.465 | 10.000 | -0.092 | -      | 9.377          | 28.80 | 71.20  | sys_clk_pin  | sys_clk_pin       | r_register_reg[15][0]/C | r_register_reg[6][13]/D  |
|                  | 1           | 12           | 13     | 1.020 | 10.000 | -0.114 | -      | 8.750          | 31.40 | 68.60  | sys_clk_pin  | sys_clk_pin       | r_reg_2_reg[1]/C        | r_register_reg[1][31]/D  |
|                  | 1           | 12           | 13     | 0.260 | 10.000 | -0.093 | -      | 9.544          | 28.30 | 71.70  | sys_clk_pin  | sys_clk_pin       | r_register_reg[15][0]/C | r_register_reg[0][13]/D  |
|                  | 1           | 12           | 13     | 1.203 | 10.000 | -0.089 | -      | 8.592          | 29.90 | 70.10  | sys_clk_pin  | sys_clk_pin       | r_register_reg[15][0]/C | r_register_reg[14][20]/D |
|                  | 1           | 12           | 13     | 0.924 | 10.000 | -0.115 | -      | 8.866          | 31.00 | 69.00  | sys_clk_pin  | sys_clk_pin       | r_reg_2_reg[1]/C        | r_register_reg[4][31]/D  |
|                  | 1           | 12           | 13     | 0.607 | 10.000 | -0.095 | -      | 9.196          | 29.40 | 70.60  | sys_clk_pin  | sys_clk_pin       | r_register_reg[15][0]/C | r_register_reg[13][13]/D |
|                  | 1           | 12           | 13     | 1.385 | 10.000 | -0.090 | -      | 8.432          | 30.50 | 69.50  | sys_clk_pin  | sys_clk_pin       | r_register_reg[15][0]/C | r_register_reg[1][20]/D  |
|                  | 1           | 12           | 13     | 0.871 | 10.000 | -0.033 | -      | 8.980          | 32.00 | 68.00  | sys_clk_pin  | sys_clk_pin       | r_reg_2_reg[1]/C        | r_register_reg[10][22]/D |
|                  | 1           | 12           | 13     | 1.108 | 10.000 | -0.091 | -      | 8.720          | 30.70 | 69.30  | sys_clk_pin  | sys_clk_pin       | r_register_reg[15][0]/C | r_register_reg[7][23]/D  |
|                  | 1           | 13           | 14     | 0.954 | 10.000 | -0.098 | -      | 8.846          | 31.70 | 68.30  | sys_clk_pin  | sys_clk_pin       | r_register_reg[15][0]/C | r_register_reg[5][25]/D  |
|                  | 1           | 12           | 13     | 0.993 | 10.000 | -0.093 | -      | 8.866          | 30.20 | 69.80  | sys_clk_pin  | sys_clk_pin       | r_register_reg[15][0]/C | r_register_reg[9][23]/D  |
|                  | 1           | 12           | 13     | 1.188 | 10.000 | -0.114 | -      | 8.618          | 31.90 | 68.10  | sys_clk_pin  | sys_clk_pin       | r_reg_2_reg[1]/C        | r_register_reg[12][31]/D |
|                  | 1           | 12           | 13     | 0.914 | 10.000 | -0.035 | -      | 8.949          | 32.10 | 67.90  | sys_clk_pin  | sys_clk_pin       | r_reg_2_reg[1]/C        | r_register_reg[14][22]/D |
|                  | 1           | 12           | 13     | 0.922 | 10.000 | -0.115 | -      | 8.856          | 31.00 | 69.00  | sys_clk_pin  | sys_clk_pin       | r_reg_2_reg[1]/C        | r_register_reg[11][31]/D |
|                  | 1           | 12           | 13     | 1.115 | 10.000 | -0.113 | -      | 8.670          | 31.70 | 68.30  | sys_clk_pin  | sys_clk_pin       | r_reg_2_reg[1]/C        | r_register_reg[2][31]/D  |
|                  | 1           | 13           | 14     | 1.148 | 10.000 | -0.115 | -      | 8.635          | 34.50 | 65.50  | sys_clk_pin  | sys_clk_pin       | r_reg_2_reg[1]/C        | r_register_reg[6][28]/D  |
|                  | 1           | 14           | 15     | 0.760 | 10.000 | -0.090 | -      | 9.068          | 31.20 | 68.80  | sys_clk_pin  | sys_clk_pin       | r_register_reg[15][0]/C | r_register_reg[1][30]/D  |
|                  | 1           | 12           | 13     | 1.279 | 10.000 | -0.093 | -      | 8.558          | 31.40 | 68.60  | sys_clk_pin  | sys_clk_pin       | r_register_reg[15][0]/C | r_register_reg[14][21]/D |
|                  | 1           | 12           | 13     | 0.889 | 10.000 | -0.032 | -      | 8.977          | 32.00 | 68.00  | sys_clk_pin  | sys_clk_pin       | r_reg_2_reg[1]/C        | r_register_reg[8][22]/D  |
|                  | 1           | 12           | 13     | 0.462 | 10.000 | -0.112 | -      | 9.422          | 29.20 | 70.80  | sys_clk_pin  | sys_clk_pin       | r_reg_2_reg[1]/C        | r_zero_flag_reg/D        |
|                  | 1           | 12           | 13     | 1.164 | 10.000 | -0.090 | -      | 8.630          | 31.10 | 68.90  | sys_clk_pin  | sys_clk_pin       | r_register_reg[15][0]/C | r_register_reg[4][21]/D  |
|                  | 1           | 14           | 15     | 0.604 | 10.000 | -0.087 | -      | 9.243          | 30.60 | 69.40  | sys_clk_pin  | sys_clk_pin       | r_register_reg[15][0]/C | r_register_reg[5][30]/D  |
|                  | 1           | 13           | 14     | 0.990 | 10.000 | -0.097 | -      | 8.811          | 31.80 | 68.20  | sys_clk_pin  | sys_clk_pin       | r_register_reg[15][0]/C | r_register_reg[13][25]/D |
|                  | 1           | 14           | 15     | 0.536 | 10.000 | -0.086 | -      | 9.262          | 30.60 | 69.40  | sys_clk_pin  | sys_clk_pin       | r_register_reg[15][0]/C | r_register_reg[4][30]/D  |
|                  | 1           | 14           | 15     | 0.604 | 10.000 | -0.087 | -      | 9.243          | 30.60 | 69.40  | sys_clk_pin  | sys_clk_pin       | r_register_reg[15][0]/C | r_register_reg[5][30]/D  |
|                  | 1           | 12           | 13     | 0.998 | 10.000 | -0.089 | -      | 8.850          | 30.30 | 69.70  | sys_clk_pin  | sys_clk_pin       | r_register_reg[15][0]/C | r_register_reg[0][23]/D  |
|                  | 1           | 12           | 13     | 1.204 | 10.000 | -0.086 | -      | 8.608          | 31.20 | 68.80  | sys_clk_pin  | sys_clk_pin       | r_register_reg[15][0]/C | r_register_reg[2][21]/D  |
|                  | 1           | 13           | 14     | 1.397 | 10.000 | -0.115 | -      | 8.385          | 35.60 | 64.40  | sys_clk_pin  | sys_clk_pin       | r_reg_2_reg[1]/C        | r_register_reg[5][28]/D  |
|                  | 1           | 12           | 13     | 1.081 | 10.000 | -0.090 | -      | 8.713          | 30.70 | 69.30  | sys_clk_pin  | sys_clk_pin       | r_register_reg[15][0]/C | r_register_reg[6][23]/D  |
|                  | 1           | 13           | 14     | 0.954 | 10.000 | -0.098 | -      | 8.846          | 31.70 | 68.30  | sys_clk_pin  | sys_clk_pin       | r_register_reg[15][0]/C | r_register_reg[5][25]/D  |
|                  | 1           | 12           | 13     | 1.091 | 10.000 | -0.114 | -      | 8.679          | 31.70 | 68.30  | sys_clk_pin  | sys_clk_pin       | r_reg_2_reg[1]/C        | r_register_reg[0][31]/D  |
|                  | 1           | 13           | 14     | 0.840 | 10.000 | -0.117 | -      | 8.903          | 33.50 | 66.50  | sys_clk_pin  | sys_clk_pin       | r_reg_2_reg[1]/C        | r_register_reg[10][28]/D |
|                  | 1           | 12           | 13     | 1.097 | 10.000 | -0.033 | -      | 8.804          | 32.60 | 67.40  | sys_clk_pin  | sys_clk_pin       | r_reg_2_reg[1]/C        | r_register_reg[12][22]/D |
|                  | 1           | 12           | 13     | 1.360 | 10.000 | -0.091 | -      | 8.456          | 30.40 | 69.60  | sys_clk_pin  | sys_clk_pin       | r_register_reg[15][0]/C | r_register_reg[5][20]/D  |
|                  | 1           | 12           | 13     | 1.068 | 10.000 | -0.091 | -      | 8.774          | 30.60 | 69.40  | sys_clk_pin  | sys_clk_pin       | r_register_reg[15][0]/C | r_register_reg[8][21]/D  |
|                  | 1           | 12           | 13     | 1.246 | 10.000 | -0.089 | -      | 8.599          | 31.20 | 68.80  | sys_clk_pin  | sys_clk_pin       | r_register_reg[15][0]/C | r_register_reg[0][21]/D  |
|                  | 1           | 12           | 13     | 0.902 | 10.000 | -0.033 | -      | 8.969          | 32.00 | 68.00  | sys_clk_pin  | sys_clk_pin       | r_reg_2_reg[1]/C        | r_register_reg[4][22]/D  |
|                  | 1           | 14           | 15     | 0.494 | 10.000 | -0.088 | -      | 9.302          | 30.40 | 69.60  | sys_clk_pin  | sys_clk_pin       | r_register_reg[15][0]/C | r_register_reg[7][30]/D  |
|                  | 1           | 12           | 13     | 0.928 | 10.000 | -0.090 | -      | 8.865          | 30.20 | 69.80  | sys_clk_pin  | sys_clk_pin       | r_register_reg[15][0]/C | r_register_reg[3][23]/D  |
|                  | 1           | 12           | 13     | 1.525 | 10.000 | -0.088 | -      | 8.271          | 31.10 | 68.90  | sys_clk_pin  | sys_clk_pin       | r_register_reg[15][0]/C | r_register_reg[6][20]/D  |
|                  | 1           | 12           | 13     | 0.993 | 10.000 | -0.093 | -      | 8.866          | 30.20 | 69.80  | sys_clk_pin  | sys_clk_pin       | r_register_reg[15][0]/C | r_register_reg[9][23]/D  |
|                  | 1           | 12           | 13     | 0.730 | 10.000 | -0.034 | -      | 9.120          | 31.50 | 68.50  | sys_clk_pin  | sys_clk_pin       | r_reg_2_reg[1]/C        | r_register_reg[11][22]/D |
|                  | 1           | 14           | 15     | 0.751 | 10.000 | -0.088 | -      | 9.113          | 31.10 | 68.90  | sys_clk_pin  | sys_clk_pin       | r_register_reg[15][0]/C | r_register_reg[2][30]/D  |
|                  | 1           | 12           | 13     | 1.378 | 10.000 | -0.088 | -      | 8.432          | 30.50 | 69.50  | sys_clk_pin  | sys_clk_pin       | r_register_reg[15][0]/C | r_register_reg[7][20]/D  |
|                  | 1           | 13           | 14     | 1.403 | 10.000 | -0.120 | -      | 8.411          | 35.50 | 64.50  | sys_clk_pin  | sys_clk_pin       | r_reg_2_reg[1]/C        | r_register_reg[13][28]/D |
|                  | 1           | 12           | 13     | 0.405 | 10.000 | -0.094 | -      | 9.385          | 28.80 | 71.20  | sys_clk_pin  | sys_clk_pin       | r_register_reg[15][0]/C | r_register_reg[10][13]/D |
|                  | 1           | 12           | 13     | 1.071 | 10.000 | -0.086 | -      | 8.741          | 30.70 | 69.30  | sys_clk_pin  | sys_clk_pin       | r_register_reg[15][0]/C | r_register_reg[12][23]/D |
|                  | 1           | 13           | 14     | 1.103 | 10.000 | -0.116 | -      | 8.664          | 34.40 | 65.60  | sys_clk_pin  | sys_clk_pin       | r_reg_2_reg[1]/C        | r_register_reg[1][28]/D  |
|                  | 1           | 13           | 14     | 1.269 | 10.000 | -0.117 | -      | 8.548          | 34.90 | 65.10  | sys_clk_pin  | sys_clk_pin       | r_reg_2_reg[1]/C        | r_register_reg[11][28]/D |
|                  | 1           | 12           | 13     | 1.099 | 10.000 | -0.091 | -      | 8.729          | 30.70 | 69.30  | sys_clk_pin  | sys_clk_pin       | r_register_reg[15][0]/C | r_register_reg[8][23]/D  |
|                  | 1           | 12           | 13     | 0.165 | 10.000 | -0.098 | -      | 9.657          | 28.00 | 72.00  | sys_clk_pin  | sys_clk_pin       | r_register_reg[15][0]/C | r_register_reg[3][13]/D  |
|                  | 1           | 12           | 13     | 0.869 | 10.000 | -0.035 | -      | 9.033          | 31.80 | 68.20  | sys_clk_pin  | sys_clk_pin       | r_reg_2_reg[1]/C        | r_register_reg[5][22]/D  |
|                  | 1           | 12           | 13     | 0.607 | 10.000 | -0.095 | -      | 9.196          | 29.40 | 70.60  | sys_clk_pin  | sys_clk_pin       | r_register_reg[15][0]/C | r_register_reg[13][13]/D |
|                  | 1           | 12           | 13     | 1.370 | 10.000 | -0.091 | -      | 8.445          | 30.40 | 69.60  | sys_clk_pin  | sys_clk_pin       | r_register_reg[15][0]/C | r_register_reg[11][20]/D |
|                  | 1           | 12           | 13     | 1.115 | 10.000 | -0.113 | -      | 8.670          | 31.70 | 68.30  | sys_clk_pin  | sys_clk_pin       | r_reg_2_reg[1]/C        | r_register_reg[2][31]/D  |
|                  | 1           | 13           | 14     | 1.075 | 10.000 | -0.095 | -      | 8.764          | 32.00 | 68.00  | sys_clk_pin  | sys_clk_pin       | r_register_reg[15][0]/C | r_register_reg[15][25]/D |
|                  | 1           | 12           | 13     | 1.370 | 10.000 | -0.091 | -      | 8.445          | 30.40 | 69.60  | sys_clk_pin  | sys_clk_pin       | r_register_reg[15][0]/C | r_register_reg[11][20]/D |
|                  | 1           | 14           | 15     | 0.799 | 10.000 | -0.091 | -      | 9.047          | 31.30 | 68.70  | sys_clk_pin  | sys_clk_pin       | r_register_reg[15][0]/C | r_register_reg[8][30]/D  |
|                  | 1           | 14           | 15     | 0.616 | 10.000 | -0.094 | -      | 9.242          | 30.60 | 69.40  | sys_clk_pin  | sys_clk_pin       | r_register_reg[15][0]/C | r_register_reg[13][30]/D |
|                  | 1           | 13           | 14     | 0.990 | 10.000 | -0.097 | -      | 8.811          | 31.80 | 68.20  | sys_clk_pin  | sys_clk_pin       | r_register_reg[15][0]/C | r_register_reg[13][25]/D |
|                  | 1           | 12           | 13     | 1.385 | 10.000 | -0.090 | -      | 8.432          | 30.50 | 69.50  | sys_clk_pin  | sys_clk_pin       | r_register_reg[15][0]/C | r_register_reg[1][20]/D  |
|                  | 1           | 12           | 13     | 1.086 | 10.000 | -0.094 | -      | 8.726          | 30.70 | 69.30  | sys_clk_pin  | sys_clk_pin       | r_register_reg[15][0]/C | r_register_reg[10][23]/D |
|                  | 1           | 12           | 13     | 0.908 | 10.000 | -0.031 | -      | 8.958          | 32.10 | 67.90  | sys_clk_pin  | sys_clk_pin       | r_reg_2_reg[1]/C        | r_register_reg[3][22]/D  |
|                  | 1           | 12           | 13     | 1.257 | 10.000 | -0.090 | -      | 8.573          | 30.00 | 70.00  | sys_clk_pin  | sys_clk_pin       | r_register_reg[15][0]/C | r_register_reg[0][20]/D  |
|                  | 1           | 12           | 13     | 0.278 | 10.000 | -0.095 | -      | 9.530          | 28.30 | 71.70  | sys_clk_pin  | sys_clk_pin       | r_register_reg[15][0]/C | r_register_reg[12][13]/D |
|                  | 1           | 14           | 15     | 0.426 | 10.000 | -0.086 | -      | 9.386          | 30.20 | 69.80  | sys_clk_pin  | sys_clk_pin       | r_register_reg[15][0]/C | r_register_reg[3][30]/D  |
|                  | 1           | 12           | 13     | 1.174 | 10.000 | -0.090 | -      | 8.633          | 31.10 | 68.90  | sys_clk_pin  | sys_clk_pin       | r_register_reg[15][0]/C | r_register_reg[3][21]/D  |
|                  | 1           | 13           | 14     | 1.050 | 10.000 | -0.097 | -      | 8.773          | 32.00 | 68.00  | sys_clk_pin  | sys_clk_pin       | r_register_reg[15][0]/C | r_register_reg[1][25]/D  |
|                  | 1           | 12           | 13     | 0.250 | 10.000 | -0.094 | -      | 9.575          | 28.20 | 71.80  | sys_clk_pin  | sys_clk_pin       | r_register_reg[15][0]/C | r_register_reg[4][13]/D  |
|                  | 1           | 12           | 13     | 0.279 | 10.000 | -0.092 | -      | 9.526          | 28.30 | 71.70  | sys_clk_pin  | sys_clk_pin       | r_register_reg[15][0]/C | r_register_reg[1][13]/D  |
|                  | 1           | 14           | 15     | 0.494 | 10.000 | -0.088 | -      | 9.302          | 30.40 | 69.60  | sys_clk_pin  | sys_clk_pin       | r_register_reg[15][0]/C | r_register_reg[7][30]/D  |
|                  | 1           | 14           | 15     | 0.616 | 10.000 | -0.094 | -      | 9.242          | 30.60 | 69.40  | sys_clk_pin  | sys_clk_pin       | r_register_reg[15][0]/C | r_register_reg[13][30]/D |
|                  | 1           | 12           | 13     | 1.081 | 10.000 | -0.090 | -      | 8.713          | 30.70 | 69.30  | sys_clk_pin  | sys_clk_pin       | r_register_reg[15][0]/C | r_register_reg[6][23]/D  |
|                  | 1           | 12           | 13     | 1.091 | 10.000 | -0.114 | -      | 8.679          | 31.70 | 68.30  | sys_clk_pin  | sys_clk_pin       | r_reg_2_reg[1]/C        | r_register_reg[0][31]/D  |
|                  | 1           | 12           | 13     | 1.132 | 10.000 | -0.114 | -      | 8.674          | 31.70 | 68.30  | sys_clk_pin  | sys_clk_pin       | r_reg_2_reg[1]/C        | r_register_reg[8][31]/D  |
|                  | 1           | 12           | 13     | 1.063 | 10.000 | -0.116 | -      | 8.755          | 31.40 | 68.60  | sys_clk_pin  | sys_clk_pin       | r_reg_2_reg[1]/C        | r_register_reg[10][31]/D |
|                  | 1           | 12           | 13     | 0.908 | 10.000 | -0.031 | -      | 8.958          | 32.10 | 67.90  | sys_clk_pin  | sys_clk_pin       | r_reg_2_reg[1]/C        | r_register_reg[3][22]/D  |
|                  | 1           | 12           | 13     | 1.430 | 10.000 | -0.094 | -      | 8.413          | 30.60 | 69.40  | sys_clk_pin  | sys_clk_pin       | r_register_reg[15][0]/C | r_register_reg[12][20]/D |
|                  | 1           | 12           | 13     | 1.204 | 10.000 | -0.086 | -      | 8.608          | 31.20 | 68.80  | sys_clk_pin  | sys_clk_pin       | r_register_reg[15][0]/C | r_register_reg[2][21]/D  |
|                  | 1           | 13           | 14     | 0.793 | 10.000 | -0.095 | -      | 9.010          | 31.10 | 68.90  | sys_clk_pin  | sys_clk_pin       | r_register_reg[15][0]/C | r_register_reg[12][25]/D |
|                  | 1           | 12           | 13     | 1.257 | 10.000 | -0.090 | -      | 8.573          | 30.00 | 70.00  | sys_clk_pin  | sys_clk_pin       | r_register_reg[15][0]/C | r_register_reg[0][20]/D  |
|                  | 1           | 12           | 13     | 0.324 | 10.000 | -0.095 | -      | 9.502          | 28.40 | 71.60  | sys_clk_pin  | sys_clk_pin       | r_register_reg[15][0]/C | r_register_reg[5][13]/D  |
|                  | 1           | 12           | 13     | 1.200 | 10.000 | -0.091 | -      | 8.645          | 29.70 | 70.30  | sys_clk_pin  | sys_clk_pin       | r_register_reg[15][0]/C | r_register_reg[15][20]/D |
|                  | 1           | 12           | 13     | 0.927 | 10.000 | -0.086 | -      | 8.870          | 30.20 | 69.80  | sys_clk_pin  | sys_clk_pin       | r_register_reg[15][0]/C | r_register_reg[2][23]/D  |
|                  | 1           | 13           | 14     | 0.884 | 10.000 | -0.095 | -      | 8.928          | 31.40 | 68.60  | sys_clk_pin  | sys_clk_pin       | r_register_reg[15][0]/C | r_register_reg[7][25]/D  |
|                  | 1           | 12           | 13     | 1.130 | 10.000 | -0.090 | -      | 8.686          | 30.80 | 69.20  | sys_clk_pin  | sys_clk_pin       | r_register_reg[15][0]/C | r_register_reg[4][23]/D  |
|                  | 1           | 13           | 14     | 0.894 | 10.000 | -0.118 | -      | 8.897          | 33.50 | 66.50  | sys_clk_pin  | sys_clk_pin       | r_reg_2_reg[1]/C        | r_register_reg[14][28]/D |
|                  | 1           | 12           | 13     | 0.324 | 10.000 | -0.095 | -      | 9.502          | 28.40 | 71.60  | sys_clk_pin  | sys_clk_pin       | r_register_reg[15][0]/C | r_register_reg[5][13]/D  |
|                  | 1           | 13           | 14     | 1.186 | 10.000 | -0.117 | -      | 8.595          | 34.70 | 65.30  | sys_clk_pin  | sys_clk_pin       | r_reg_2_reg[1]/C        | r_register_reg[7][28]/D  |
|                  | 1           | 14           | 15     | 0.614 | 10.000 | -0.087 | -      | 9.196          | 30.80 | 69.20  | sys_clk_pin  | sys_clk_pin       | r_register_reg[15][0]/C | r_register_reg[15][30]/D |
|                  | 1           | 14           | 15     | 0.597 | 10.000 | -0.088 | -      | 9.222          | 30.70 | 69.30  | sys_clk_pin  | sys_clk_pin       | r_register_reg[15][0]/C | r_register_reg[6][30]/D  |
|                  | 1           | 12           | 13     | 0.250 | 10.000 | -0.094 | -      | 9.575          | 28.20 | 71.80  | sys_clk_pin  | sys_clk_pin       | r_register_reg[15][0]/C | r_register_reg[4][13]/D  |
|                  | 1           | 13           | 14     | 1.269 | 10.000 | -0.117 | -      | 8.548          | 34.90 | 65.10  | sys_clk_pin  | sys_clk_pin       | r_reg_2_reg[1]/C        | r_register_reg[11][28]/D |
|                  | 1           | 14           | 15     | 0.606 | 10.000 | -0.091 | -      | 9.221          | 30.70 | 69.30  | sys_clk_pin  | sys_clk_pin       | r_register_reg[15][0]/C | r_register_reg[11][30]/D |
|                  | 1           | 12           | 13     | 1.059 | 10.000 | -0.090 | -      | 8.788          | 30.60 | 69.40  | sys_clk_pin  | sys_clk_pin       | r_register_reg[15][0]/C | r_register_reg[10][21]/D |
|                  | 1           | 12           | 13     | 1.144 | 10.000 | -0.088 | -      | 8.701          | 30.80 | 69.20  | sys_clk_pin  | sys_clk_pin       | r_register_reg[15][0]/C | r_register_reg[14][23]/D |
|                  | 1           | 12           | 13     | 1.348 | 10.000 | -0.094 | -      | 8.462          | 30.40 | 69.60  | sys_clk_pin  | sys_clk_pin       | r_register_reg[15][0]/C | r_register_reg[10][20]/D |
|                  | 1           | 13           | 14     | 1.433 | 10.000 | -0.115 | -      | 8.385          | 35.60 | 64.40  | sys_clk_pin  | sys_clk_pin       | r_reg_2_reg[1]/C        | r_register_reg[3][28]/D  |
|                  | 1           | 12           | 13     | 1.037 | 10.000 | -0.087 | -      | 8.774          | 30.60 | 69.40  | sys_clk_pin  | sys_clk_pin       | r_register_reg[15][0]/C | r_register_reg[7][21]/D  |
|                  | 1           | 14           | 15     | 0.606 | 10.000 | -0.091 | -      | 9.221          | 30.70 | 69.30  | sys_clk_pin  | sys_clk_pin       | r_register_reg[15][0]/C | r_register_reg[11][30]/D |
|                  | 1           | 12           | 13     | 1.073 | 10.000 | -0.114 | -      | 8.711          | 31.50 | 68.50  | sys_clk_pin  | sys_clk_pin       | r_reg_2_reg[1]/C        | r_register_reg[3][31]/D  |
|                  | 1           | 13           | 14     | 1.403 | 10.000 | -0.120 | -      | 8.411          | 35.50 | 64.50  | sys_clk_pin  | sys_clk_pin       | r_reg_2_reg[1]/C        | r_register_reg[13][28]/D |
|                  | 1           | 12           | 13     | 1.382 | 10.000 | -0.090 | -      | 8.435          | 30.50 | 69.50  | sys_clk_pin  | sys_clk_pin       | r_register_reg[15][0]/C | r_register_reg[3][20]/D  |
|                  | 1           | 12           | 13     | 1.164 | 10.000 | -0.090 | -      | 8.630          | 31.10 | 68.90  | sys_clk_pin  | sys_clk_pin       | r_register_reg[15][0]/C | r_register_reg[4][21]/D  |
|                  | 1           | 12           | 13     | 0.291 | 10.000 | -0.098 | -      | 9.495          | 28.40 | 71.60  | sys_clk_pin  | sys_clk_pin       | r_register_reg[15][0]/C | r_register_reg[15][13]/D |
|                  | 1           | 14           | 15     | 0.760 | 10.000 | -0.090 | -      | 9.068          | 31.20 | 68.80  | sys_clk_pin  | sys_clk_pin       | r_register_reg[15][0]/C | r_register_reg[1][30]/D  |
|                  | 1           | 12           | 13     | 0.920 | 10.000 | -0.032 | -      | 8.968          | 32.00 | 68.00  | sys_clk_pin  | sys_clk_pin       | r_reg_2_reg[1]/C        | r_register_reg[0][22]/D  |
|                  | 1           | 12           | 13     | 0.922 | 10.000 | -0.115 | -      | 8.856          | 31.00 | 69.00  | sys_clk_pin  | sys_clk_pin       | r_reg_2_reg[1]/C        | r_register_reg[11][31]/D |
|                  | 1           | 12           | 13     | 1.188 | 10.000 | -0.114 | -      | 8.618          | 31.90 | 68.10  | sys_clk_pin  | sys_clk_pin       | r_reg_2_reg[1]/C        | r_register_reg[12][31]/D |
|                  | 1           | 12           | 13     | 1.116 | 10.000 | -0.094 | -      | 8.742          | 30.60 | 69.40  | sys_clk_pin  | sys_clk_pin       | r_register_reg[15][0]/C | r_register_reg[13][23]/D |
|                  | 1           | 12           | 13     | 1.392 | 10.000 | -0.093 | -      | 8.464          | 30.40 | 69.60  | sys_clk_pin  | sys_clk_pin       | r_register_reg[15][0]/C | r_register_reg[9][20]/D  |
|                  | 1           | 14           | 15     | 0.536 | 10.000 | -0.086 | -      | 9.262          | 30.60 | 69.40  | sys_clk_pin  | sys_clk_pin       | r_register_reg[15][0]/C | r_register_reg[4][30]/D  |
|                  | 1           | 12           | 13     | 0.288 | 10.000 | -0.094 | -      | 9.501          | 28.40 | 71.60  | sys_clk_pin  | sys_clk_pin       | r_register_reg[15][0]/C | r_register_reg[14][13]/D |
|                  | 1           | 12           | 13     | 0.278 | 10.000 | -0.095 | -      | 9.530          | 28.30 | 71.70  | sys_clk_pin  | sys_clk_pin       | r_register_reg[15][0]/C | r_register_reg[12][13]/D |
|                  | 1           | 13           | 14     | 0.894 | 10.000 | -0.118 | -      | 8.897          | 33.50 | 66.50  | sys_clk_pin  | sys_clk_pin       | r_reg_2_reg[1]/C        | r_register_reg[14][28]/D |
|                  | 1           | 13           | 14     | 1.008 | 10.000 | -0.119 | -      | 8.756          | 34.10 | 65.90  | sys_clk_pin  | sys_clk_pin       | r_reg_2_reg[1]/C        | r_register_reg[9][28]/D  |
|                  | 1           | 13           | 14     | 0.840 | 10.000 | -0.117 | -      | 8.903          | 33.50 | 66.50  | sys_clk_pin  | sys_clk_pin       | r_reg_2_reg[1]/C        | r_register_reg[10][28]/D |
|                  | 1           | 12           | 13     | 1.200 | 10.000 | -0.091 | -      | 8.645          | 29.70 | 70.30  | sys_clk_pin  | sys_clk_pin       | r_register_reg[15][0]/C | r_register_reg[15][20]/D |
|                  | 1           | 12           | 13     | 0.977 | 10.000 | -0.094 | -      | 8.864          | 30.30 | 69.70  | sys_clk_pin  | sys_clk_pin       | r_register_reg[15][0]/C | r_register_reg[13][21]/D |
|                  | 1           | 12           | 13     | 0.447 | 10.000 | -0.095 | -      | 9.391          | 28.70 | 71.30  | sys_clk_pin  | sys_clk_pin       | r_register_reg[15][0]/C | r_register_reg[2][13]/D  |
|                  | 1           | 12           | 13     | 1.382 | 10.000 | -0.090 | -      | 8.435          | 30.50 | 69.50  | sys_clk_pin  | sys_clk_pin       | r_register_reg[15][0]/C | r_register_reg[3][20]/D  |
|                  | 1           | 12           | 13     | 0.730 | 10.000 | -0.034 | -      | 9.120          | 31.50 | 68.50  | sys_clk_pin  | sys_clk_pin       | r_reg_2_reg[1]/C        | r_register_reg[11][22]/D |
|                  | 1           | 12           | 13     | 0.954 | 10.000 | -0.032 | -      | 8.917          | 32.20 | 67.80  | sys_clk_pin  | sys_clk_pin       | r_reg_2_reg[1]/C        | r_register_reg[1][22]/D  |
|                  | 1           | 13           | 14     | 1.186 | 10.000 | -0.117 | -      | 8.595          | 34.70 | 65.30  | sys_clk_pin  | sys_clk_pin       | r_reg_2_reg[1]/C        | r_register_reg[7][28]/D  |
|                  | 1           | 13           | 14     | 1.246 | 10.000 | -0.120 | -      | 8.541          | 34.90 | 65.10  | sys_clk_pin  | sys_clk_pin       | r_reg_2_reg[1]/C        | r_register_reg[12][28]/D |
|                  | 1           | 13           | 14     | 0.884 | 10.000 | -0.095 | -      | 8.928          | 31.40 | 68.60  | sys_clk_pin  | sys_clk_pin       | r_register_reg[15][0]/C | r_register_reg[7][25]/D  |
|                  | 1           | 12           | 13     | 1.246 | 10.000 | -0.089 | -      | 8.599          | 31.20 | 68.80  | sys_clk_pin  | sys_clk_pin       | r_register_reg[15][0]/C | r_register_reg[0][21]/D  |
|                  | 1           | 12           | 13     | 0.796 | 10.000 | -0.114 | -      | 8.999          | 31.90 | 68.10  | sys_clk_pin  | sys_clk_pin       | r_reg_2_reg[1]/C        | r_register_reg[13][22]/D |
|                  | 1           | 12           | 13     | 1.430 | 10.000 | -0.094 | -      | 8.413          | 30.60 | 69.40  | sys_clk_pin  | sys_clk_pin       | r_register_reg[15][0]/C | r_register_reg[12][20]/D |
|                  | 1           | 12           | 13     | 1.061 | 10.000 | -0.033 | -      | 8.804          | 32.60 | 67.40  | sys_clk_pin  | sys_clk_pin       | r_reg_2_reg[1]/C        | r_register_reg[6][22]/D  |
|                  | 1           | 14           | 15     | 0.674 | 10.000 | -0.093 | -      | 9.185          | 30.80 | 69.20  | sys_clk_pin  | sys_clk_pin       | r_register_reg[15][0]/C | r_register_reg[9][30]/D  |
|                  | 1           | 13           | 14     | 1.008 | 10.000 | -0.119 | -      | 8.756          | 34.10 | 65.90  | sys_clk_pin  | sys_clk_pin       | r_reg_2_reg[1]/C        | r_register_reg[9][28]/D  |
|                  | 1           | 12           | 13     | 1.067 | 10.000 | -0.113 | -      | 8.725          | 31.50 | 68.50  | sys_clk_pin  | sys_clk_pin       | r_reg_2_reg[1]/C        | r_register_reg[14][31]/D |
|                  | 1           | 12           | 13     | 0.933 | 10.000 | -0.091 | -      | 8.879          | 30.20 | 69.80  | sys_clk_pin  | sys_clk_pin       | r_register_reg[15][0]/C | r_register_reg[11][23]/D |
|                  | 1           | 14           | 15     | 0.634 | 10.000 | -0.086 | -      | 9.164          | 30.90 | 69.10  | sys_clk_pin  | sys_clk_pin       | r_register_reg[15][0]/C | r_register_reg[12][30]/D |
|                  | 1           | 12           | 13     | 0.871 | 10.000 | -0.033 | -      | 8.980          | 32.00 | 68.00  | sys_clk_pin  | sys_clk_pin       | r_reg_2_reg[1]/C        | r_register_reg[10][22]/D |
|                  | 1           | 12           | 13     | 0.967 | 10.000 | -0.034 | -      | 8.897          | 32.30 | 67.70  | sys_clk_pin  | sys_clk_pin       | r_reg_2_reg[1]/C        | r_register_reg[15][22]/D |
|                  | 1           | 12           | 13     | 0.779 | 10.000 | -0.091 | -      | 9.014          | 29.70 | 70.30  | sys_clk_pin  | sys_clk_pin       | r_register_reg[15][0]/C | r_register_reg[15][23]/D |
|                  | 1           | 12           | 13     | 0.428 | 10.000 | -0.092 | -      | 9.387          | 28.80 | 71.20  | sys_clk_pin  | sys_clk_pin       | r_register_reg[15][0]/C | r_register_reg[7][13]/D  |
|                  | 1           | 12           | 13     | 1.392 | 10.000 | -0.093 | -      | 8.464          | 30.40 | 69.60  | sys_clk_pin  | sys_clk_pin       | r_register_reg[15][0]/C | r_register_reg[9][20]/D  |
|                  | 1           | 12           | 13     | 1.216 | 10.000 | -0.114 | -      | 8.574          | 32.10 | 67.90  | sys_clk_pin  | sys_clk_pin       | r_reg_2_reg[1]/C        | r_register_reg[7][31]/D  |
|                  | 1           | 12           | 13     | 0.998 | 10.000 | -0.089 | -      | 8.850          | 30.30 | 69.70  | sys_clk_pin  | sys_clk_pin       | r_register_reg[15][0]/C | r_register_reg[0][23]/D  |
|                  | 1           | 12           | 13     | 0.889 | 10.000 | -0.032 | -      | 8.977          | 32.00 | 68.00  | sys_clk_pin  | sys_clk_pin       | r_reg_2_reg[1]/C        | r_register_reg[8][22]/D  |
|                  | 1           | 12           | 13     | 0.796 | 10.000 | -0.114 | -      | 8.999          | 31.90 | 68.10  | sys_clk_pin  | sys_clk_pin       | r_reg_2_reg[1]/C        | r_register_reg[13][22]/D |
|                  | 1           | 12           | 13     | 1.360 | 10.000 | -0.091 | -      | 8.456          | 30.40 | 69.60  | sys_clk_pin  | sys_clk_pin       | r_register_reg[15][0]/C | r_register_reg[5][20]/D  |
|                  | 1           | 14           | 15     | 0.594 | 10.000 | -0.090 | -      | 9.253          | 30.60 | 69.40  | sys_clk_pin  | sys_clk_pin       | r_register_reg[15][0]/C | r_register_reg[0][30]/D  |
|                  | 1           | 12           | 13     | 1.552 | 10.000 | -0.093 | -      | 8.262          | 31.10 | 68.90  | sys_clk_pin  | sys_clk_pin       | r_register_reg[15][0]/C | r_register_reg[8][20]/D  |
|                  | 1           | 12           | 13     | 1.253 | 10.000 | -0.088 | -      | 8.596          | 29.90 | 70.10  | sys_clk_pin  | sys_clk_pin       | r_register_reg[15][0]/C | r_register_reg[2][20]/D  |
|                  | 1           | 13           | 14     | 0.868 | 10.000 | -0.092 | -      | 8.923          | 31.40 | 68.60  | sys_clk_pin  | sys_clk_pin       | r_register_reg[15][0]/C | r_register_reg[2][25]/D  |
|                  | 1           | 12           | 13     | 1.047 | 10.000 | -0.035 | -      | 8.788          | 32.70 | 67.30  | sys_clk_pin  | sys_clk_pin       | r_reg_2_reg[1]/C        | r_register_reg[2][22]/D  |
|                  | 1           | 12           | 13     | 1.387 | 10.000 | -0.094 | -      | 8.467          | 30.40 | 69.60  | sys_clk_pin  | sys_clk_pin       | r_register_reg[15][0]/C | r_register_reg[13][20]/D |
|                  | 1           | 12           | 13     | 1.130 | 10.000 | -0.089 | -      | 8.687          | 30.80 | 69.20  | sys_clk_pin  | sys_clk_pin       | r_register_reg[15][0]/C | r_register_reg[1][23]/D  |
|                  | 1           | 12           | 13     | 0.787 | 10.000 | -0.034 | -      | 9.113          | 31.50 | 68.50  | sys_clk_pin  | sys_clk_pin       | r_reg_2_reg[1]/C        | r_register_reg[7][22]/D  |
|                  | 1           | 13           | 14     | 1.389 | 10.000 | -0.114 | -      | 8.395          | 35.50 | 64.50  | sys_clk_pin  | sys_clk_pin       | r_reg_2_reg[1]/C        | r_register_reg[0][28]/D  |
|                  | 1           | 12           | 13     | 0.902 | 10.000 | -0.033 | -      | 8.969          | 32.00 | 68.00  | sys_clk_pin  | sys_clk_pin       | r_reg_2_reg[1]/C        | r_register_reg[4][22]/D  |
|                  | 1           | 12           | 13     | 0.288 | 10.000 | -0.094 | -      | 9.501          | 28.40 | 71.60  | sys_clk_pin  | sys_clk_pin       | r_register_reg[15][0]/C | r_register_reg[14][13]/D |
|                  | 1           | 12           | 13     | 1.184 | 10.000 | -0.089 | -      | 8.611          | 31.20 | 68.80  | sys_clk_pin  | sys_clk_pin       | r_register_reg[15][0]/C | r_register_reg[1][21]/D  |
|                  | 1           | 12           | 13     | 0.405 | 10.000 | -0.094 | -      | 9.385          | 28.80 | 71.20  | sys_clk_pin  | sys_clk_pin       | r_register_reg[15][0]/C | r_register_reg[10][13]/D |
|                  | 1           | 12           | 13     | 1.034 | 10.000 | -0.088 | -      | 8.782          | 30.60 | 69.40  | sys_clk_pin  | sys_clk_pin       | r_register_reg[15][0]/C | r_register_reg[6][21]/D  |
|                  | 1           | 12           | 13     | 1.097 | 10.000 | -0.033 | -      | 8.804          | 32.60 | 67.40  | sys_clk_pin  | sys_clk_pin       | r_reg_2_reg[1]/C        | r_register_reg[12][22]/D |
|                  | 1           | 12           | 13     | 0.428 | 10.000 | -0.092 | -      | 9.387          | 28.80 | 71.20  | sys_clk_pin  | sys_clk_pin       | r_register_reg[15][0]/C | r_register_reg[7][13]/D  |
|                  | 1           | 13           | 14     | 1.251 | 10.000 | -0.119 | -      | 8.567          | 34.80 | 65.20  | sys_clk_pin  | sys_clk_pin       | r_reg_2_reg[1]/C        | r_register_reg[8][28]/D  |
|                  | 1           | 12           | 13     | 1.279 | 10.000 | -0.093 | -      | 8.558          | 31.40 | 68.60  | sys_clk_pin  | sys_clk_pin       | r_register_reg[15][0]/C | r_register_reg[14][21]/D |
|                  | 1           | 14           | 15     | 0.615 | 10.000 | -0.087 | -      | 9.182          | 30.80 | 69.20  | sys_clk_pin  | sys_clk_pin       | r_register_reg[15][0]/C | r_register_reg[10][30]/D |
|                  | 1           | 12           | 13     | 0.927 | 10.000 | -0.086 | -      | 8.870          | 30.20 | 69.80  | sys_clk_pin  | sys_clk_pin       | r_register_reg[15][0]/C | r_register_reg[2][23]/D  |
|                  | 1           | 12           | 13     | 1.096 | 10.000 | -0.114 | -      | 8.674          | 31.70 | 68.30  | sys_clk_pin  | sys_clk_pin       | r_reg_2_reg[1]/C        | r_register_reg[9][31]/D  |
|                  | 1           | 12           | 13     | 0.447 | 10.000 | -0.095 | -      | 9.391          | 28.70 | 71.30  | sys_clk_pin  | sys_clk_pin       | r_register_reg[15][0]/C | r_register_reg[2][13]/D  |
|                  | 1           | 13           | 14     | 1.224 | 10.000 | -0.116 | -      | 8.601          | 34.70 | 65.30  | sys_clk_pin  | sys_clk_pin       | r_reg_2_reg[1]/C        | r_register_reg[15][28]/D |
|                  | 1           | 12           | 13     | 0.933 | 10.000 | -0.091 | -      | 8.879          | 30.20 | 69.80  | sys_clk_pin  | sys_clk_pin       | r_register_reg[15][0]/C | r_register_reg[11][23]/D |
|                  | 1           | 12           | 13     | 0.914 | 10.000 | -0.035 | -      | 8.949          | 32.10 | 67.90  | sys_clk_pin  | sys_clk_pin       | r_reg_2_reg[1]/C        | r_register_reg[14][22]/D |
|                  | 1           | 12           | 13     | 0.279 | 10.000 | -0.092 | -      | 9.526          | 28.30 | 71.70  | sys_clk_pin  | sys_clk_pin       | r_register_reg[15][0]/C | r_register_reg[1][13]/D  |
|                  | 1           | 12           | 13     | 0.971 | 10.000 | -0.114 | -      | 8.817          | 31.20 | 68.80  | sys_clk_pin  | sys_clk_pin       | r_reg_2_reg[1]/C        | r_register_reg[13][31]/D |
|                  | 1           | 12           | 13     | 1.099 | 10.000 | -0.091 | -      | 8.729          | 30.70 | 69.30  | sys_clk_pin  | sys_clk_pin       | r_register_reg[15][0]/C | r_register_reg[8][23]/D  |
|                  | 1           | 13           | 14     | 0.868 | 10.000 | -0.092 | -      | 8.923          | 31.40 | 68.60  | sys_clk_pin  | sys_clk_pin       | r_register_reg[15][0]/C | r_register_reg[2][25]/D  |
|                  | 1           | 12           | 13     | 1.141 | 10.000 | -0.089 | -      | 8.667          | 31.00 | 69.00  | sys_clk_pin  | sys_clk_pin       | r_register_reg[15][0]/C | r_register_reg[12][21]/D |
|                  | 1           | 12           | 13     | 1.047 | 10.000 | -0.035 | -      | 8.788          | 32.70 | 67.30  | sys_clk_pin  | sys_clk_pin       | r_reg_2_reg[1]/C        | r_register_reg[2][22]/D  |
|                  | 1           | 12           | 13     | 1.034 | 10.000 | -0.088 | -      | 8.782          | 30.60 | 69.40  | sys_clk_pin  | sys_clk_pin       | r_register_reg[15][0]/C | r_register_reg[6][21]/D  |
|                  | 1           | 12           | 13     | 0.260 | 10.000 | -0.093 | -      | 9.544          | 28.30 | 71.70  | sys_clk_pin  | sys_clk_pin       | r_register_reg[15][0]/C | r_register_reg[0][13]/D  |
|                  | 1           | 12           | 13     | 1.116 | 10.000 | -0.094 | -      | 8.742          | 30.60 | 69.40  | sys_clk_pin  | sys_clk_pin       | r_register_reg[15][0]/C | r_register_reg[13][23]/D |
|                  | 1           | 12           | 13     | 1.552 | 10.000 | -0.093 | -      | 8.262          | 31.10 | 68.90  | sys_clk_pin  | sys_clk_pin       | r_register_reg[15][0]/C | r_register_reg[8][20]/D  |
|                  | 1           | 13           | 14     | 0.928 | 10.000 | -0.098 | -      | 8.908          | 31.50 | 68.50  | sys_clk_pin  | sys_clk_pin       | r_register_reg[15][0]/C | r_register_reg[14][25]/D |
|                  | 1           | 12           | 13     | 0.928 | 10.000 | -0.090 | -      | 8.865          | 30.20 | 69.80  | sys_clk_pin  | sys_clk_pin       | r_register_reg[15][0]/C | r_register_reg[3][23]/D  |
|                  | 1           | 12           | 13     | 1.059 | 10.000 | -0.115 | -      | 8.710          | 31.60 | 68.40  | sys_clk_pin  | sys_clk_pin       | r_reg_2_reg[1]/C        | r_register_reg[6][31]/D  |
|                  | 1           | 14           | 15     | 0.751 | 10.000 | -0.088 | -      | 9.113          | 31.10 | 68.90  | sys_clk_pin  | sys_clk_pin       | r_register_reg[15][0]/C | r_register_reg[2][30]/D  |
|                  | 1           | 12           | 13     | 0.214 | 10.000 | -0.094 | -      | 9.575          | 28.20 | 71.80  | sys_clk_pin  | sys_clk_pin       | r_register_reg[15][0]/C | r_register_reg[8][13]/D  |
|                  | 1           | 12           | 13     | 1.387 | 10.000 | -0.094 | -      | 8.467          | 30.40 | 69.60  | sys_clk_pin  | sys_clk_pin       | r_register_reg[15][0]/C | r_register_reg[13][20]/D |
|                  | 1           | 12           | 13     | 0.468 | 10.000 | -0.097 | -      | 9.354          | 28.90 | 71.10  | sys_clk_pin  | sys_clk_pin       | r_register_reg[15][0]/C | r_register_reg[11][13]/D |
|                  | 1           | 12           | 13     | 1.059 | 10.000 | -0.090 | -      | 8.788          | 30.60 | 69.40  | sys_clk_pin  | sys_clk_pin       | r_register_reg[15][0]/C | r_register_reg[10][21]/D |
|                  | 1           | 14           | 15     | 0.597 | 10.000 | -0.088 | -      | 9.222          | 30.70 | 69.30  | sys_clk_pin  | sys_clk_pin       | r_register_reg[15][0]/C | r_register_reg[6][30]/D  |
|                  | 1           | 14           | 15     | 1.214 | 10.000 | -0.112 | -      | 8.572          | 35.20 | 64.80  | sys_clk_pin  | sys_clk_pin       | r_reg_2_reg[1]/C        | r_overflow_flag_reg/D    |
|                  | 1           | 12           | 13     | 1.494 | 10.000 | -0.086 | -      | 8.318          | 30.90 | 69.10  | sys_clk_pin  | sys_clk_pin       | r_register_reg[15][0]/C | r_register_reg[4][20]/D  |
|                  | 1           | 12           | 13     | 0.214 | 10.000 | -0.094 | -      | 9.575          | 28.20 | 71.80  | sys_clk_pin  | sys_clk_pin       | r_register_reg[15][0]/C | r_register_reg[8][13]/D  |
|                  | 1           | 12           | 13     | 1.525 | 10.000 | -0.088 | -      | 8.271          | 31.10 | 68.90  | sys_clk_pin  | sys_clk_pin       | r_register_reg[15][0]/C | r_register_reg[6][20]/D  |
|                  | 1           | 14           | 15     | 0.426 | 10.000 | -0.086 | -      | 9.386          | 30.20 | 69.80  | sys_clk_pin  | sys_clk_pin       | r_register_reg[15][0]/C | r_register_reg[3][30]/D  |
|                  | 1           | 12           | 13     | 1.061 | 10.000 | -0.033 | -      | 8.804          | 32.60 | 67.40  | sys_clk_pin  | sys_clk_pin       | r_reg_2_reg[1]/C        | r_register_reg[6][22]/D  |
|                  | 1           | 12           | 13     | 1.059 | 10.000 | -0.115 | -      | 8.710          | 31.60 | 68.40  | sys_clk_pin  | sys_clk_pin       | r_reg_2_reg[1]/C        | r_register_reg[6][31]/D  |
|                  | 1           | 12           | 13     | 1.068 | 10.000 | -0.091 | -      | 8.774          | 30.60 | 69.40  | sys_clk_pin  | sys_clk_pin       | r_register_reg[15][0]/C | r_register_reg[8][21]/D  |
|                  | 1           | 13           | 14     | 1.233 | 10.000 | -0.117 | -      | 8.548          | 34.90 | 65.10  | sys_clk_pin  | sys_clk_pin       | r_reg_2_reg[1]/C        | r_register_reg[4][28]/D  |
|                  | 1           | 14           | 15     | 1.214 | 10.000 | -0.112 | -      | 8.572          | 35.20 | 64.80  | sys_clk_pin  | sys_clk_pin       | r_reg_2_reg[1]/C        | r_overflow_flag_reg/D    |
|                  | 1           | 13           | 14     | 1.103 | 10.000 | -0.116 | -      | 8.664          | 34.40 | 65.60  | sys_clk_pin  | sys_clk_pin       | r_reg_2_reg[1]/C        | r_register_reg[1][28]/D  |
|                  | 1           | 14           | 15     | 0.709 | 10.000 | -0.086 | -      | 9.102          | 31.10 | 68.90  | sys_clk_pin  | sys_clk_pin       | r_register_reg[15][0]/C | r_register_reg[14][30]/D |
|                  | 1           | 12           | 13     | 0.971 | 10.000 | -0.114 | -      | 8.817          | 31.20 | 68.80  | sys_clk_pin  | sys_clk_pin       | r_reg_2_reg[1]/C        | r_register_reg[13][31]/D |
|                  | 1           | 14           | 15     | 0.709 | 10.000 | -0.086 | -      | 9.102          | 31.10 | 68.90  | sys_clk_pin  | sys_clk_pin       | r_register_reg[15][0]/C | r_register_reg[14][30]/D |
|                  | 1           | 12           | 13     | 1.145 | 10.000 | -0.115 | -      | 8.623          | 31.90 | 68.10  | sys_clk_pin  | sys_clk_pin       | r_reg_2_reg[1]/C        | r_register_reg[5][31]/D  |
|                  | 1           | 12           | 13     | 1.179 | 10.000 | -0.091 | -      | 8.628          | 31.10 | 68.90  | sys_clk_pin  | sys_clk_pin       | r_register_reg[15][0]/C | r_register_reg[15][21]/D |
|                  | 1           | 13           | 14     | 0.793 | 10.000 | -0.095 | -      | 9.010          | 31.10 | 68.90  | sys_clk_pin  | sys_clk_pin       | r_register_reg[15][0]/C | r_register_reg[12][25]/D |
|                  | 1           | 12           | 13     | 1.071 | 10.000 | -0.086 | -      | 8.741          | 30.70 | 69.30  | sys_clk_pin  | sys_clk_pin       | r_register_reg[15][0]/C | r_register_reg[12][23]/D |
|                  | 1           | 12           | 13     | 1.108 | 10.000 | -0.091 | -      | 8.720          | 30.70 | 69.30  | sys_clk_pin  | sys_clk_pin       | r_register_reg[15][0]/C | r_register_reg[7][23]/D  |
|                  | 1           | 14           | 15     | 0.799 | 10.000 | -0.091 | -      | 9.047          | 31.30 | 68.70  | sys_clk_pin  | sys_clk_pin       | r_register_reg[15][0]/C | r_register_reg[8][30]/D  |
|                  | 1           | 14           | 15     | 0.634 | 10.000 | -0.086 | -      | 9.164          | 30.90 | 69.10  | sys_clk_pin  | sys_clk_pin       | r_register_reg[15][0]/C | r_register_reg[12][30]/D |
|                  | 1           | 12           | 13     | 1.141 | 10.000 | -0.089 | -      | 8.667          | 31.00 | 69.00  | sys_clk_pin  | sys_clk_pin       | r_register_reg[15][0]/C | r_register_reg[12][21]/D |
|                  | 1           | 13           | 14     | 1.246 | 10.000 | -0.120 | -      | 8.541          | 34.90 | 65.10  | sys_clk_pin  | sys_clk_pin       | r_reg_2_reg[1]/C        | r_register_reg[12][28]/D |
|                  | 1           | 14           | 15     | 0.615 | 10.000 | -0.087 | -      | 9.182          | 30.80 | 69.20  | sys_clk_pin  | sys_clk_pin       | r_register_reg[15][0]/C | r_register_reg[10][30]/D |
|                  | 1           | 12           | 13     | 0.468 | 10.000 | -0.097 | -      | 9.354          | 28.90 | 71.10  | sys_clk_pin  | sys_clk_pin       | r_register_reg[15][0]/C | r_register_reg[11][13]/D |
|                  | 1           | 12           | 13     | 0.412 | 10.000 | -0.095 | -      | 9.391          | 28.80 | 71.20  | sys_clk_pin  | sys_clk_pin       | r_register_reg[15][0]/C | r_register_reg[9][13]/D  |
|                  | 1           | 12           | 13     | 1.184 | 10.000 | -0.089 | -      | 8.611          | 31.20 | 68.80  | sys_clk_pin  | sys_clk_pin       | r_register_reg[15][0]/C | r_register_reg[1][21]/D  |
|                  | 1           | 12           | 13     | 0.751 | 10.000 | -0.031 | -      | 9.116          | 31.50 | 68.50  | sys_clk_pin  | sys_clk_pin       | r_reg_2_reg[1]/C        | r_register_reg[9][22]/D  |
|                  | 1           | 12           | 13     | 1.216 | 10.000 | -0.114 | -      | 8.574          | 32.10 | 67.90  | sys_clk_pin  | sys_clk_pin       | r_reg_2_reg[1]/C        | r_register_reg[7][31]/D  |
|                  | 1           | 12           | 13     | 1.063 | 10.000 | -0.116 | -      | 8.755          | 31.40 | 68.60  | sys_clk_pin  | sys_clk_pin       | r_reg_2_reg[1]/C        | r_register_reg[10][31]/D |
|                  | 1           | 12           | 13     | 1.022 | 10.000 | -0.091 | -      | 8.771          | 30.60 | 69.40  | sys_clk_pin  | sys_clk_pin       | r_register_reg[15][0]/C | r_register_reg[11][21]/D |
|                  | 1           | 13           | 14     | 1.075 | 10.000 | -0.095 | -      | 8.764          | 32.00 | 68.00  | sys_clk_pin  | sys_clk_pin       | r_register_reg[15][0]/C | r_register_reg[15][25]/D |
|                  | 1           | 13           | 14     | 1.172 | 10.000 | -0.094 | -      | 8.668          | 32.30 | 67.70  | sys_clk_pin  | sys_clk_pin       | r_register_reg[15][0]/C | r_register_reg[0][25]/D  |
|                  | 1           | 12           | 13     | 1.073 | 10.000 | -0.114 | -      | 8.711          | 31.50 | 68.50  | sys_clk_pin  | sys_clk_pin       | r_reg_2_reg[1]/C        | r_register_reg[3][31]/D  |
|                  | 1           | 12           | 13     | 1.144 | 10.000 | -0.088 | -      | 8.701          | 30.80 | 69.20  | sys_clk_pin  | sys_clk_pin       | r_register_reg[15][0]/C | r_register_reg[14][23]/D |
|                  | 1           | 12           | 13     | 1.494 | 10.000 | -0.086 | -      | 8.318          | 30.90 | 69.10  | sys_clk_pin  | sys_clk_pin       | r_register_reg[15][0]/C | r_register_reg[4][20]/D  |
|                  | 1           | 12           | 13     | 1.022 | 10.000 | -0.091 | -      | 8.771          | 30.60 | 69.40  | sys_clk_pin  | sys_clk_pin       | r_register_reg[15][0]/C | r_register_reg[11][21]/D |
|                  | 1           | 12           | 13     | 0.967 | 10.000 | -0.034 | -      | 8.897          | 32.30 | 67.70  | sys_clk_pin  | sys_clk_pin       | r_reg_2_reg[1]/C        | r_register_reg[15][22]/D |
|                  | 1           | 12           | 13     | 0.924 | 10.000 | -0.115 | -      | 8.866          | 31.00 | 69.00  | sys_clk_pin  | sys_clk_pin       | r_reg_2_reg[1]/C        | r_register_reg[4][31]/D  |
|                  | 1           | 14           | 15     | 0.674 | 10.000 | -0.093 | -      | 9.185          | 30.80 | 69.20  | sys_clk_pin  | sys_clk_pin       | r_register_reg[15][0]/C | r_register_reg[9][30]/D  |
|                  | 1           | 12           | 13     | 1.091 | 10.000 | -0.093 | -      | 8.751          | 30.70 | 69.30  | sys_clk_pin  | sys_clk_pin       | r_register_reg[15][0]/C | r_register_reg[9][21]/D  |
|                  | 1           | 12           | 13     | 0.954 | 10.000 | -0.032 | -      | 8.917          | 32.20 | 67.80  | sys_clk_pin  | sys_clk_pin       | r_reg_2_reg[1]/C        | r_register_reg[1][22]/D  |
|                  | 1           | 12           | 13     | 0.462 | 10.000 | -0.112 | -      | 9.422          | 29.20 | 70.80  | sys_clk_pin  | sys_clk_pin       | r_reg_2_reg[1]/C        | r_zero_flag_reg/D        |
|                  | 1           | 12           | 13     | 1.145 | 10.000 | -0.115 | -      | 8.623          | 31.90 | 68.10  | sys_clk_pin  | sys_clk_pin       | r_reg_2_reg[1]/C        | r_register_reg[5][31]/D  |
|                  | 1           | 12           | 13     | 1.203 | 10.000 | -0.089 | -      | 8.592          | 29.90 | 70.10  | sys_clk_pin  | sys_clk_pin       | r_register_reg[15][0]/C | r_register_reg[14][20]/D |
|                  | 1           | 12           | 13     | 1.174 | 10.000 | -0.090 | -      | 8.633          | 31.10 | 68.90  | sys_clk_pin  | sys_clk_pin       | r_register_reg[15][0]/C | r_register_reg[3][21]/D  |
|                  | 1           | 12           | 13     | 0.465 | 10.000 | -0.092 | -      | 9.377          | 28.80 | 71.20  | sys_clk_pin  | sys_clk_pin       | r_register_reg[15][0]/C | r_register_reg[6][13]/D  |
|                  | 1           | 12           | 13     | 1.348 | 10.000 | -0.094 | -      | 8.462          | 30.40 | 69.60  | sys_clk_pin  | sys_clk_pin       | r_register_reg[15][0]/C | r_register_reg[10][20]/D |
|                  | 1           | 12           | 13     | 0.412 | 10.000 | -0.095 | -      | 9.391          | 28.80 | 71.20  | sys_clk_pin  | sys_clk_pin       | r_register_reg[15][0]/C | r_register_reg[9][13]/D  |
|                  | 1           | 12           | 13     | 1.067 | 10.000 | -0.113 | -      | 8.725          | 31.50 | 68.50  | sys_clk_pin  | sys_clk_pin       | r_reg_2_reg[1]/C        | r_register_reg[14][31]/D |
|                  | 1           | 13           | 14     | 1.251 | 10.000 | -0.119 | -      | 8.567          | 34.80 | 65.20  | sys_clk_pin  | sys_clk_pin       | r_reg_2_reg[1]/C        | r_register_reg[8][28]/D  |
|                  | 1           | 12           | 13     | 1.086 | 10.000 | -0.094 | -      | 8.726          | 30.70 | 69.30  | sys_clk_pin  | sys_clk_pin       | r_register_reg[15][0]/C | r_register_reg[10][23]/D |
|                  | 1           | 12           | 13     | 0.165 | 10.000 | -0.098 | -      | 9.657          | 28.00 | 72.00  | sys_clk_pin  | sys_clk_pin       | r_register_reg[15][0]/C | r_register_reg[3][13]/D  |
|                  | 1           | 13           | 14     | 0.863 | 10.000 | -0.095 | -      | 8.925          | 31.40 | 68.60  | sys_clk_pin  | sys_clk_pin       | r_register_reg[15][0]/C | r_register_reg[6][25]/D  |
|                  | 1           | 12           | 13     | 0.920 | 10.000 | -0.032 | -      | 8.968          | 32.00 | 68.00  | sys_clk_pin  | sys_clk_pin       | r_reg_2_reg[1]/C        | r_register_reg[0][22]/D  |
|                  | 1           | 12           | 13     | 0.779 | 10.000 | -0.091 | -      | 9.014          | 29.70 | 70.30  | sys_clk_pin  | sys_clk_pin       | r_register_reg[15][0]/C | r_register_reg[15][23]/D |
|                  | 1           | 12           | 13     | 0.787 | 10.000 | -0.034 | -      | 9.113          | 31.50 | 68.50  | sys_clk_pin  | sys_clk_pin       | r_reg_2_reg[1]/C        | r_register_reg[7][22]/D  |
|                  | 1           | 12           | 13     | 1.130 | 10.000 | -0.089 | -      | 8.687          | 30.80 | 69.20  | sys_clk_pin  | sys_clk_pin       | r_register_reg[15][0]/C | r_register_reg[1][23]/D  |
|                  | 1           | 12           | 13     | 1.132 | 10.000 | -0.114 | -      | 8.674          | 31.70 | 68.30  | sys_clk_pin  | sys_clk_pin       | r_reg_2_reg[1]/C        | r_register_reg[8][31]/D  |
|                  | 1           | 12           | 13     | 0.291 | 10.000 | -0.098 | -      | 9.495          | 28.40 | 71.60  | sys_clk_pin  | sys_clk_pin       | r_register_reg[15][0]/C | r_register_reg[15][13]/D |
|                  | 1           | 12           | 13     | 1.035 | 10.000 | -0.088 | -      | 8.775          | 30.60 | 69.40  | sys_clk_pin  | sys_clk_pin       | r_register_reg[15][0]/C | r_register_reg[5][21]/D  |
|                  | 1           | 12           | 13     | 1.067 | 10.000 | -0.088 | -      | 8.743          | 30.60 | 69.40  | sys_clk_pin  | sys_clk_pin       | r_register_reg[15][0]/C | r_register_reg[5][23]/D  |
|                  | 1           | 13           | 14     | 1.148 | 10.000 | -0.115 | -      | 8.635          | 34.50 | 65.50  | sys_clk_pin  | sys_clk_pin       | r_reg_2_reg[1]/C        | r_register_reg[6][28]/D  |
|                  | 1           | 12           | 13     | 0.869 | 10.000 | -0.035 | -      | 9.033          | 31.80 | 68.20  | sys_clk_pin  | sys_clk_pin       | r_reg_2_reg[1]/C        | r_register_reg[5][22]/D  |
|                  | 1           | 12           | 13     | 1.179 | 10.000 | -0.091 | -      | 8.628          | 31.10 | 68.90  | sys_clk_pin  | sys_clk_pin       | r_register_reg[15][0]/C | r_register_reg[15][21]/D |
|                  | 1           | 13           | 14     | 0.928 | 10.000 | -0.098 | -      | 8.908          | 31.50 | 68.50  | sys_clk_pin  | sys_clk_pin       | r_register_reg[15][0]/C | r_register_reg[14][25]/D |
+------------------+-------------+--------------+--------+-------+--------+--------+--------+----------------+-------+--------+--------------+-------------------+-------------------------+--------------------------+


